
> sentinel-override@3.46.0 test
> node --experimental-vm-modules ./node_modules/jest/bin/jest.js tests/quick-assist-handler.test.js

