
> sentinel-override@3.46.0 test
> node --experimental-vm-modules --no-warnings ./node_modules/jest/bin/jest.js tests/agent-engine-uncovered.test.js --no-coverage

  console.error
    [Sentinel] Error in agent-engine.js: TypeError: Invalid URL
        at new URL (node:internal/url:818:25)
        at _hostnameOf (C:\Users\Administrator\Projects\sentinel-override\background\agent-engine.js:1591:16)
        at Object.<anonymous> (C:\Users\Administrator\Projects\sentinel-override\tests\agent-engine-uncovered.test.js:508:14)
        at Promise.then.completed (C:\Users\Administrator\Projects\sentinel-override\node_modules\jest-circus\build\utils.js:298:28)
        at new Promise (<anonymous>)
        at callAsyncCircusFn (C:\Users\Administrator\Projects\sentinel-override\node_modules\jest-circus\build\utils.js:231:10)
        at _callCircusTest (C:\Users\Administrator\Projects\sentinel-override\node_modules\jest-circus\build\run.js:316:40)
        at _runTest (C:\Users\Administrator\Projects\sentinel-override\node_modules\jest-circus\build\run.js:252:3)
        at _runTestsForDescribeBlock (C:\Users\Administrator\Projects\sentinel-override\node_modules\jest-circus\build\run.js:126:9)
        at _runTestsForDescribeBlock (C:\Users\Administrator\Projects\sentinel-override\node_modules\jest-circus\build\run.js:121:9)
        at _runTestsForDescribeBlock (C:\Users\Administrator\Projects\sentinel-override\node_modules\jest-circus\build\run.js:121:9)
        at run (C:\Users\Administrator\Projects\sentinel-override\node_modules\jest-circus\build\run.js:71:3)
        at runAndTransformResultsToJestFormat (C:\Users\Administrator\Projects\sentinel-override\node_modules\jest-circus\build\legacy-code-todo-rewrite\jestAdapterInit.js:122:21)
        at jestAdapter (C:\Users\Administrator\Projects\sentinel-override\node_modules\jest-circus\build\legacy-code-todo-rewrite\jestAdapter.js:79:19)
        at runTestInternal (C:\Users\Administrator\Projects\sentinel-override\node_modules\jest-runner\build\runTest.js:367:16)
        at runTest (C:\Users\Administrator\Projects\sentinel-override\node_modules\jest-runner\build\runTest.js:444:34) {
      code: 'ERR_INVALID_URL',
      input: 'not-a-url'
    }

    [0m [90m 1589 |[39m
     [90m 1590 |[39m [36mfunction[39m _hostnameOf(url) {
    [31m[1m>[22m[39m[90m 1591 |[39m   [36mtry[39m { [36mreturn[39m [36mnew[39m [33mURL[39m(url)[33m.[39mhostname[33m;[39m } [36mcatch[39m (e) { console[33m.[39merror([32m'[Sentinel] Error in agent-engine.js:'[39m[33m,[39m e)[33m;[39m [36mreturn[39m [32m''[39m[33m;[39m }
     [90m      |[39m                                                             [31m[1m^[22m[39m
     [90m 1592 |[39m }
     [90m 1593 |[39m
     [90m 1594 |[39m [36mfunction[39m _tenantsMatch(detected[33m,[39m expected) {[0m

      at _hostnameOf (background/agent-engine.js:1591:61)
      at Object.<anonymous> (tests/agent-engine-uncovered.test.js:508:14)

  console.error
    [Sentinel] Error in agent-engine.js: TypeError: Invalid URL
        at new URL (node:internal/url:818:25)
        at _hostnameOf (C:\Users\Administrator\Projects\sentinel-override\background\agent-engine.js:1591:16)
        at Object.<anonymous> (C:\Users\Administrator\Projects\sentinel-override\tests\agent-engine-uncovered.test.js:512:14)
        at Promise.then.completed (C:\Users\Administrator\Projects\sentinel-override\node_modules\jest-circus\build\utils.js:298:28)
        at new Promise (<anonymous>)
        at callAsyncCircusFn (C:\Users\Administrator\Projects\sentinel-override\node_modules\jest-circus\build\utils.js:231:10)
        at _callCircusTest (C:\Users\Administrator\Projects\sentinel-override\node_modules\jest-circus\build\run.js:316:40)
        at _runTest (C:\Users\Administrator\Projects\sentinel-override\node_modules\jest-circus\build\run.js:252:3)
        at _runTestsForDescribeBlock (C:\Users\Administrator\Projects\sentinel-override\node_modules\jest-circus\build\run.js:126:9)
        at _runTestsForDescribeBlock (C:\Users\Administrator\Projects\sentinel-override\node_modules\jest-circus\build\run.js:121:9)
        at _runTestsForDescribeBlock (C:\Users\Administrator\Projects\sentinel-override\node_modules\jest-circus\build\run.js:121:9)
        at run (C:\Users\Administrator\Projects\sentinel-override\node_modules\jest-circus\build\run.js:71:3)
        at runAndTransformResultsToJestFormat (C:\Users\Administrator\Projects\sentinel-override\node_modules\jest-circus\build\legacy-code-todo-rewrite\jestAdapterInit.js:122:21)
        at jestAdapter (C:\Users\Administrator\Projects\sentinel-override\node_modules\jest-circus\build\legacy-code-todo-rewrite\jestAdapter.js:79:19)
        at runTestInternal (C:\Users\Administrator\Projects\sentinel-override\node_modules\jest-runner\build\runTest.js:367:16)
        at runTest (C:\Users\Administrator\Projects\sentinel-override\node_modules\jest-runner\build\runTest.js:444:34) {
      code: 'ERR_INVALID_URL',
      input: ''
    }

    [0m [90m 1589 |[39m
     [90m 1590 |[39m [36mfunction[39m _hostnameOf(url) {
    [31m[1m>[22m[39m[90m 1591 |[39m   [36mtry[39m { [36mreturn[39m [36mnew[39m [33mURL[39m(url)[33m.[39mhostname[33m;[39m } [36mcatch[39m (e) { console[33m.[39merror([32m'[Sentinel] Error in agent-engine.js:'[39m[33m,[39m e)[33m;[39m [36mreturn[39m [32m''[39m[33m;[39m }
     [90m      |[39m                                                             [31m[1m^[22m[39m
     [90m 1592 |[39m }
     [90m 1593 |[39m
     [90m 1594 |[39m [36mfunction[39m _tenantsMatch(detected[33m,[39m expected) {[0m

      at _hostnameOf (background/agent-engine.js:1591:61)
      at Object.<anonymous> (tests/agent-engine-uncovered.test.js:512:14)

  console.error
    [Sentinel] Error in agent-engine.js: Error: Tab context error
        at C:\Users\Administrator\Projects\sentinel-override\tests\agent-engine-uncovered.test.js:1012:15
        at C:\Users\Administrator\Projects\sentinel-override\node_modules\jest-mock\build\index.js:397:39
        at C:\Users\Administrator\Projects\sentinel-override\node_modules\jest-mock\build\index.js:404:13
        at mockConstructor (C:\Users\Administrator\Projects\sentinel-override\node_modules\jest-mock\build\index.js:148:19)
        at captureReportData (C:\Users\Administrator\Projects\sentinel-override\background\agent-engine.js:382:22)
        at Object.<anonymous> (C:\Users\Administrator\Projects\sentinel-override\tests\agent-engine-uncovered.test.js:1014:20)
        at Promise.then.completed (C:\Users\Administrator\Projects\sentinel-override\node_modules\jest-circus\build\utils.js:298:28)
        at new Promise (<anonymous>)
        at callAsyncCircusFn (C:\Users\Administrator\Projects\sentinel-override\node_modules\jest-circus\build\utils.js:231:10)
        at _callCircusTest (C:\Users\Administrator\Projects\sentinel-override\node_modules\jest-circus\build\run.js:316:40)
        at _runTest (C:\Users\Administrator\Projects\sentinel-override\node_modules\jest-circus\build\run.js:252:3)
        at _runTestsForDescribeBlock (C:\Users\Administrator\Projects\sentinel-override\node_modules\jest-circus\build\run.js:126:9)
        at _runTestsForDescribeBlock (C:\Users\Administrator\Projects\sentinel-override\node_modules\jest-circus\build\run.js:121:9)
        at _runTestsForDescribeBlock (C:\Users\Administrator\Projects\sentinel-override\node_modules\jest-circus\build\run.js:121:9)
        at run (C:\Users\Administrator\Projects\sentinel-override\node_modules\jest-circus\build\run.js:71:3)
        at runAndTransformResultsToJestFormat (C:\Users\Administrator\Projects\sentinel-override\node_modules\jest-circus\build\legacy-code-todo-rewrite\jestAdapterInit.js:122:21)
        at jestAdapter (C:\Users\Administrator\Projects\sentinel-override\node_modules\jest-circus\build\legacy-code-todo-rewrite\jestAdapter.js:79:19)
        at runTestInternal (C:\Users\Administrator\Projects\sentinel-override\node_modules\jest-runner\build\runTest.js:367:16)
        at runTest (C:\Users\Administrator\Projects\sentinel-override\node_modules\jest-runner\build\runTest.js:444:34)

    [0m [90m 380 |[39m [36mfunction[39m captureReportData(goal[33m,[39m history[33m,[39m agentMemory[33m,[39m agentPlan[33m,[39m stepCount[33m,[39m apiCallCount) {
     [90m 381 |[39m   [36mlet[39m tabCtxData [33m=[39m [][33m;[39m
    [31m[1m>[22m[39m[90m 382 |[39m   [36mtry[39m { tabCtxData [33m=[39m getAllTabContexts()[33m.[39mmap(tc [33m=>[39m ({ label[33m:[39m tc[33m.[39mlabel[33m,[39m url[33m:[39m tc[33m.[39murl[33m,[39m hasScreenshot[33m:[39m [33m![39m[33m![39mtc[33m.[39msnapshot }))[33m;[39m } [36mcatch[39m (e) { console[33m.[39merror([32m'[Sentinel] Error in agent-engine.js:'[39m[33m,[39m e)[33m;[39m }
     [90m     |[39m                                                                                                                                             [31m[1m^[22m[39m
     [90m 383 |[39m   [36mreturn[39m {
     [90m 384 |[39m     goal[33m,[39m
     [90m 385 |[39m     history[33m:[39m history[33m.[39mslice()[33m,[39m[0m

      at captureReportData (background/agent-engine.js:382:141)
      at Object.<anonymous> (tests/agent-engine-uncovered.test.js:1014:20)

